src/app/(client)/requests/[id]/page.tsx(66,33): error TS2304: Cannot find name 'Database'.
src/app/api/admin/banners/reorder/route.ts(59,7): error TS2352: Conversion of type 'PostgrestBuilder<{ PostgrestVersion: "14.5"; }, { id: string; display_order: number; }, false>' to type 'Promise<SingleResult>' may be a mistake because neither type sufficiently overlaps with the other. If this was intentional, convert the expression to 'unknown' first.
src/app/api/admin/banners/route.ts(138,7): error TS2322: Type 'string' is not assignable to type 'never'.
src/app/api/admin/bookings/[id]/payment/route.ts(108,7): error TS2322: Type 'string | null' is not assignable to type 'string | undefined'.
src/app/api/admin/bookings/[id]/route.ts(52,25): error TS2352: Conversion of type 'SelectQueryError<"could not find the relation between travel_requests and financial_transactions">' to type '{ amount_paid: number; remaining_balance: number; }[]' may be a mistake because neither type sufficiently overlaps with the other. If this was intentional, convert the expression to 'unknown' first.
src/app/api/admin/customers/route.ts(35,33): error TS2345: Argument of type 'unknown' is not assignable to parameter of type 'string'.
src/app/api/admin/customers/route.ts(41,33): error TS2345: Argument of type 'unknown' is not assignable to parameter of type 'string'.
src/app/api/admin/leads/[id]/communicate/route.ts(69,7): error TS2322: Type 'string | null' is not assignable to type 'string'.
src/app/api/admin/packages/[id]/toggle/route.ts(44,11): error TS2769: No overload matches this call.
src/app/api/admin/packages/[id]/toggle/route.ts(46,7): error TS2322: Type 'boolean' is not assignable to type 'never'.
src/app/api/admin/packages/[id]/toggle/route.ts(47,7): error TS2322: Type 'string' is not assignable to type 'never'.
src/app/api/admin/packages/[id]/toggle/route.ts(49,9): error TS2345: Argument of type '"id"' is not assignable to parameter of type 'never'.
src/app/api/admin/packages/route.ts(115,7): error TS2353: Object literal may only specify known properties, and 'title' does not exist in type 'RejectExcessProperties<{ available_spots?: number | undefined; created_at?: string | undefined; created_by?: string | null | undefined; currency?: string | null | undefined; description?: string | null | undefined; ... 14 more ...; updated_at?: string | undefined; }, { ...; }> | RejectExcessProperties<...>[]'.
src/app/api/admin/setup/route.ts(19,28): error TS2345: Argument of type 'Error' is not assignable to parameter of type 'string'.
src/app/api/admin/setup/route.ts(45,7): error TS2345: Argument of type 'string' is not assignable to parameter of type 'number'.
src/app/api/admin/stats/route.ts(66,13): error TS2769: No overload matches this call.
src/app/api/admin/stats/route.ts(68,11): error TS2345: Argument of type '"is_active"' is not assignable to parameter of type 'never'.
src/app/api/admin/stats/route.ts(102,23): error TS2352: Conversion of type 'SelectQueryError<"column 'amount_paid' does not exist on 'payment_records'.">[]' to type '{ amount_paid: number | null; }[]' may be a mistake because neither type sufficiently overlaps with the other. If this was intentional, convert the expression to 'unknown' first.
src/app/api/admin/visa-documents/[id]/route.ts(32,11): error TS2769: No overload matches this call.
src/app/api/admin/visa-documents/[id]/route.ts(34,9): error TS2345: Argument of type '"id"' is not assignable to parameter of type 'never'.
src/app/api/admin/visa-documents/[id]/route.ts(84,11): error TS2769: No overload matches this call.
src/app/api/admin/visa-documents/[id]/route.ts(85,13): error TS2345: Argument of type 'Record<string, unknown>' is not assignable to parameter of type 'RejectExcessProperties<{ cancellation_fee_percent?: number | null | undefined; cancellation_window_hours?: number | null | undefined; created_at?: string | undefined; id?: string | undefined; modification_fee_amount?: number | ... 1 more ... | undefined; ... 4 more ...; vertical?: string | undefined; } | ... 26 more...'.
src/app/api/admin/visa-documents/[id]/route.ts(86,9): error TS2345: Argument of type '"id"' is not assignable to parameter of type 'never'.
src/app/api/admin/visa-documents/[id]/route.ts(118,11): error TS2769: No overload matches this call.
src/app/api/admin/visa-documents/[id]/route.ts(120,9): error TS2345: Argument of type '"id"' is not assignable to parameter of type 'never'.
src/app/api/admin/visa-documents/[id]/route.ts(124,11): error TS2769: No overload matches this call.
src/app/api/admin/visa-documents/[id]/route.ts(126,9): error TS2345: Argument of type '"id"' is not assignable to parameter of type 'never'.
src/app/api/admin/visa-documents/route.ts(32,11): error TS2769: No overload matches this call.
src/app/api/admin/visa-documents/route.ts(37,33): error TS2345: Argument of type '"country_code"' is not assignable to parameter of type 'never'.
src/app/api/admin/visa-documents/route.ts(38,36): error TS2345: Argument of type '"visa_type_id"' is not assignable to parameter of type 'never'.
src/app/api/admin/visa-documents/route.ts(95,11): error TS2769: No overload matches this call.
src/app/api/admin/visa-documents/route.ts(97,7): error TS2353: Object literal may only specify known properties, and 'country_code' does not exist in type 'RejectExcessProperties<{ cancellation_fee_percent?: number | null | undefined; cancellation_window_hours?: number | null | undefined; created_at?: string | undefined; id?: string | undefined; modification_fee_amount?: number | ... 1 more ... | undefined; ... 4 more ...; vertical: string; } | ... 26 more ... | { ...;...'.
src/app/api/admin/visa-types/[id]/route.ts(32,11): error TS2769: No overload matches this call.
src/app/api/admin/visa-types/[id]/route.ts(34,9): error TS2345: Argument of type '"id"' is not assignable to parameter of type 'never'.
src/app/api/admin/visa-types/[id]/route.ts(43,11): error TS2769: No overload matches this call.
src/app/api/admin/visa-types/[id]/route.ts(45,9): error TS2345: Argument of type '"visa_type_id"' is not assignable to parameter of type 'never'.
src/app/api/admin/visa-types/[id]/route.ts(95,11): error TS2769: No overload matches this call.
src/app/api/admin/visa-types/[id]/route.ts(96,13): error TS2345: Argument of type 'Record<string, unknown>' is not assignable to parameter of type 'RejectExcessProperties<{ cancellation_fee_percent?: number | null | undefined; cancellation_window_hours?: number | null | undefined; created_at?: string | undefined; id?: string | undefined; modification_fee_amount?: number | ... 1 more ... | undefined; ... 4 more ...; vertical?: string | undefined; } | ... 26 more...'.
src/app/api/admin/visa-types/[id]/route.ts(97,9): error TS2345: Argument of type '"id"' is not assignable to parameter of type 'never'.
src/app/api/admin/visa-types/[id]/route.ts(130,11): error TS2769: No overload matches this call.
src/app/api/admin/visa-types/[id]/route.ts(132,9): error TS2345: Argument of type '"id"' is not assignable to parameter of type 'never'.
src/app/api/admin/visa-types/[id]/route.ts(135,41): error TS2769: No overload matches this call.
src/app/api/admin/visa-types/[id]/route.ts(135,67): error TS2345: Argument of type '"id"' is not assignable to parameter of type 'never'.
src/app/api/admin/visa-types/route.ts(37,33): error TS2345: Argument of type '"country_code"' is not assignable to parameter of type '"id" | "created_at" | "updated_at" | "destination_country" | "optional_documents" | "processing_time_days" | "required_documents" | "special_instructions" | "travel_type"'.
src/app/api/admin/visa-types/route.ts(38,46): error TS2345: Argument of type '"is_active"' is not assignable to parameter of type '"id" | "created_at" | "updated_at" | "destination_country" | "optional_documents" | "processing_time_days" | "required_documents" | "special_instructions" | "travel_type"'.
src/app/api/admin/visa-types/route.ts(105,7): error TS2353: Object literal may only specify known properties, and 'country_code' does not exist in type 'RejectExcessProperties<{ created_at?: string | null | undefined; destination_country: string; id?: string | undefined; optional_documents?: Json | undefined; processing_time_days?: number | null | undefined; required_documents: Json; special_instructions?: string | ... 1 more ... | undefined; travel_type: string; up...'.
src/app/api/payments/my-payments/route.ts(21,13): error TS2769: No overload matches this call.
src/app/api/payments/my-payments/route.ts(23,11): error TS2345: Argument of type '"customer_id"' is not assignable to parameter of type 'never'.
src/app/api/payments/my-payments/route.ts(36,63): error TS2339: Property 'amount' does not exist on type '{ created_at: string; display_order: number; end_date: string | null; id: string; image_url: string | null; is_active: boolean; link_text: string | null; link_url: string | null; position: string; ... 4 more ...; updated_at: string; } | ... 26 more ... | { ...; }'.
src/app/api/profile/route.ts(38,39): error TS2339: Property 'has_complete_profile' does not exist on type '{ avatar_url: string | null; created_at: string; email: string | null; first_name: string | null; full_name: string | null; id: string; last_name: string | null; last_sync_at: string | null; ... 6 more ...; user_id: string; }'.
src/app/api/profile/route.ts(68,9): error TS2322: Type 'true' is not assignable to type 'never'.
src/app/api/v1/bookings/[id]/cancel/route.ts(55,11): error TS2554: Expected 2 arguments, but got 1.
src/app/api/v1/bookings/[id]/cancel/route.ts(55,39): error TS2339: Property 'customer_id' does not exist on type 'SelectQueryError<"column 'customer_id' does not exist on 'travel_requests'.">'.
src/app/api/v1/bookings/[id]/cancel/route.ts(58,17): error TS2339: Property 'status' does not exist on type 'SelectQueryError<"column 'customer_id' does not exist on 'travel_requests'.">'.
src/app/api/v1/bookings/[id]/cancel/route.ts(62,17): error TS2339: Property 'status' does not exist on type 'SelectQueryError<"column 'customer_id' does not exist on 'travel_requests'.">'.
src/app/api/v1/bookings/[id]/cancel/route.ts(66,17): error TS2339: Property 'status' does not exist on type 'SelectQueryError<"column 'customer_id' does not exist on 'travel_requests'.">'.
src/app/api/v1/bookings/[id]/cancel/route.ts(76,7): error TS2353: Object literal may only specify known properties, and 'p_booking_id' does not exist in type '{ p_reason?: string | undefined; p_request_id: string; }'.
src/app/api/v1/bookings/[id]/cancel/route.ts(86,10): error TS18047: 'result' is possibly 'null'.
src/app/api/v1/bookings/[id]/cancel/route.ts(86,17): error TS2339: Property 'ok' does not exist on type 'string | number | boolean | { [key: string]: Json | undefined; } | Json[]'.
src/app/api/v1/bookings/[id]/cancel/route.ts(91,7): error TS18047: 'result' is possibly 'null'.
src/app/api/v1/bookings/[id]/cancel/route.ts(91,14): error TS2339: Property 'data' does not exist on type 'string | number | boolean | { [key: string]: Json | undefined; } | Json[]'.
src/app/api/v1/bookings/[id]/cancel/route.ts(92,7): error TS2345: Argument of type 'string' is not assignable to parameter of type 'number'.
src/app/api/v1/bookings/[id]/cancel/route.ts(96,26): error TS2345: Argument of type 'Error' is not assignable to parameter of type 'string'.
src/app/api/v1/bookings/[id]/confirm/route.ts(36,38): error TS2345: Argument of type 'string[]' is not assignable to parameter of type 'SupabaseClient<Database, "public", "public", { Tables: { booking_policies: { Row: { cancellation_fee_percent: number | null; cancellation_window_hours: number | null; created_at: string; ... 6 more ...; vertical: string; }; Insert: { ...; }; Update: { ...; }; Relationships: []; }; ... 26 more ...; webhook_processing...'.
src/app/api/v1/bookings/[id]/confirm/route.ts(57,17): error TS2339: Property 'status' does not exist on type 'SelectQueryError<"column 'reference' does not exist on 'travel_requests'.">'.
src/app/api/v1/bookings/[id]/confirm/route.ts(61,17): error TS2339: Property 'status' does not exist on type 'SelectQueryError<"column 'reference' does not exist on 'travel_requests'.">'.
src/app/api/v1/bookings/[id]/confirm/route.ts(65,17): error TS2339: Property 'status' does not exist on type 'SelectQueryError<"column 'reference' does not exist on 'travel_requests'.">'.
src/app/api/v1/bookings/[id]/confirm/route.ts(69,17): error TS2339: Property 'status' does not exist on type 'SelectQueryError<"column 'reference' does not exist on 'travel_requests'.">'.
src/app/api/v1/bookings/[id]/confirm/route.ts(79,7): error TS2353: Object literal may only specify known properties, and 'p_booking_id' does not exist in type '{ p_request_id: string; p_staff_uid: string; }'.
src/app/api/v1/bookings/[id]/confirm/route.ts(89,10): error TS18047: 'result' is possibly 'null'.
src/app/api/v1/bookings/[id]/confirm/route.ts(89,17): error TS2339: Property 'ok' does not exist on type 'string | number | boolean | { [key: string]: Json | undefined; } | Json[]'.
src/app/api/v1/bookings/[id]/confirm/route.ts(97,29): error TS2339: Property 'id' does not exist on type '{ user: User; profile: { role: string; }; }'.
src/app/api/v1/bookings/[id]/confirm/route.ts(99,28): error TS2339: Property 'reference' does not exist on type 'SelectQueryError<"column 'reference' does not exist on 'travel_requests'.">'.
src/app/api/v1/bookings/[id]/confirm/route.ts(101,7): error TS2345: Argument of type 'string' is not assignable to parameter of type 'number'.
src/app/api/v1/bookings/[id]/confirm/route.ts(105,26): error TS2345: Argument of type 'Error' is not assignable to parameter of type 'string'.
src/app/api/v1/bookings/my/route.ts(25,24): error TS2554: Expected 1 arguments, but got 0.
src/app/api/v1/bookings/my/route.ts(44,9): error TS2345: Argument of type 'string' is not assignable to parameter of type 'Record<string, string[]>'.
src/app/api/v1/bookings/my/route.ts(52,9): error TS2345: Argument of type 'string' is not assignable to parameter of type 'Record<string, string[]>'.
src/app/api/v1/bookings/my/route.ts(58,38): error TS2345: Argument of type 'string' is not assignable to parameter of type 'Record<string, string[]>'.
src/app/api/v1/bookings/my/route.ts(62,38): error TS2345: Argument of type 'string' is not assignable to parameter of type 'Record<string, string[]>'.
src/app/api/v1/bookings/my/route.ts(69,11): error TS2345: Argument of type '"customer_id"' is not assignable to parameter of type '"id" | "organization_id" | "linked_payment_id" | "linked_visa_application_id" | "created_at" | "updated_at" | "vertical" | "client_user_id" | "status" | "return_date" | "destination_country" | ... 20 more ... | "traveler_count"'.
src/app/api/v1/bookings/my/route.ts(112,7): error TS2554: Expected 1-2 arguments, but got 3.
src/app/api/v1/bookings/my/route.ts(121,26): error TS2345: Argument of type 'Error' is not assignable to parameter of type 'string'.
src/app/api/v1/bookings/route.ts(28,24): error TS2554: Expected 1 arguments, but got 0.
src/app/api/v1/bookings/route.ts(31,11): error TS2554: Expected 2 arguments, but got 1.
src/app/api/v1/bookings/route.ts(37,38): error TS2345: Argument of type 'string' is not assignable to parameter of type 'Record<string, string[]>'.
src/app/api/v1/bookings/route.ts(44,9): error TS2345: Argument of type 'string' is not assignable to parameter of type 'Record<string, string[]>'.
src/app/api/v1/bookings/route.ts(53,51): error TS2345: Argument of type 'BookFlightRequest' is not assignable to parameter of type 'never'.
src/app/api/v1/bookings/route.ts(57,50): error TS2345: Argument of type 'BookHotelRequest' is not assignable to parameter of type 'never'.
src/app/api/v1/bookings/route.ts(61,62): error TS2345: Argument of type 'SubmitVisaApplicationRequest' is not assignable to parameter of type 'never'.
src/app/api/v1/bookings/route.ts(65,49): error TS2345: Argument of type 'BookTripRequest' is not assignable to parameter of type 'never'.
src/app/api/v1/bookings/route.ts(69,40): error TS2345: Argument of type 'string' is not assignable to parameter of type 'Record<string, string[]>'.
src/app/api/v1/bookings/route.ts(73,43): error TS2345: Argument of type 'string' is not assignable to parameter of type 'number'.
src/app/api/v1/bookings/route.ts(76,26): error TS2345: Argument of type 'Error' is not assignable to parameter of type 'string'.
src/app/api/v1/bookings/route.ts(91,13): error TS2339: Property 'flight_id' does not exist on type 'never'.
src/app/api/v1/bookings/route.ts(91,32): error TS2339: Property 'passengers' does not exist on type 'never'.
src/app/api/v1/bookings/route.ts(91,51): error TS2339: Property 'passengers' does not exist on type 'never'.
src/app/api/v1/bookings/route.ts(96,32): error TS2339: Property 'passengers' does not exist on type 'never'.
src/app/api/v1/bookings/route.ts(111,13): error TS2339: Property 'contact' does not exist on type 'never'.
src/app/api/v1/bookings/route.ts(111,37): error TS2339: Property 'contact' does not exist on type 'never'.
src/app/api/v1/bookings/route.ts(116,54): error TS2345: Argument of type '"book_flight"' is not assignable to parameter of type '"cancel_booking" | "confirm_booking" | "create_flight_booking" | "create_hotel_booking" | "create_organization_with_admin" | "create_portal_notification" | "create_trip_booking" | ... 12 more ... | "update_document_completion"'.
src/app/api/v1/bookings/route.ts(118,23): error TS2339: Property 'flight_id' does not exist on type 'never'.
src/app/api/v1/bookings/route.ts(119,24): error TS2339: Property 'passengers' does not exist on type 'never'.
src/app/api/v1/bookings/route.ts(120,21): error TS2339: Property 'contact' does not exist on type 'never'.
src/app/api/v1/bookings/route.ts(121,30): error TS2339: Property 'special_requests' does not exist on type 'never'.
src/app/api/v1/bookings/route.ts(130,15): error TS2339: Property 'ok' does not exist on type '{ direction: string; entity_id: string; entity_type: string; payload: Json; queue_id: string; retry_count: number; }[]'.
src/app/api/v1/bookings/route.ts(134,17): error TS2339: Property 'data' does not exist on type '{ direction: string; entity_id: string; entity_type: string; payload: Json; queue_id: string; retry_count: number; }[]'.
src/app/api/v1/bookings/route.ts(149,11): error TS2339: Property 'hotel_id' does not exist on type 'never'.
src/app/api/v1/bookings/route.ts(150,11): error TS2339: Property 'checkin_date' does not exist on type 'never'.
src/app/api/v1/bookings/route.ts(151,11): error TS2339: Property 'checkout_date' does not exist on type 'never'.
src/app/api/v1/bookings/route.ts(152,11): error TS2339: Property 'room_type' does not exist on type 'never'.
src/app/api/v1/bookings/route.ts(153,11): error TS2339: Property 'rooms_count' does not exist on type 'never'.
src/app/api/v1/bookings/route.ts(154,11): error TS2339: Property 'guests' does not exist on type 'never'.
src/app/api/v1/bookings/route.ts(155,10): error TS2339: Property 'guests' does not exist on type 'never'.
src/app/api/v1/bookings/route.ts(163,33): error TS2339: Property 'checkin_date' does not exist on type 'never'.
src/app/api/v1/bookings/route.ts(164,34): error TS2339: Property 'checkout_date' does not exist on type 'never'.
src/app/api/v1/bookings/route.ts(170,28): error TS2339: Property 'guests' does not exist on type 'never'.
src/app/api/v1/bookings/route.ts(179,13): error TS2339: Property 'contact' does not exist on type 'never'.
src/app/api/v1/bookings/route.ts(179,37): error TS2339: Property 'contact' does not exist on type 'never'.
src/app/api/v1/bookings/route.ts(184,54): error TS2345: Argument of type '"book_hotel"' is not assignable to parameter of type '"cancel_booking" | "confirm_booking" | "create_flight_booking" | "create_hotel_booking" | "create_organization_with_admin" | "create_portal_notification" | "create_trip_booking" | ... 12 more ... | "update_document_completion"'.
src/app/api/v1/bookings/route.ts(186,22): error TS2339: Property 'hotel_id' does not exist on type 'never'.
src/app/api/v1/bookings/route.ts(187,26): error TS2339: Property 'checkin_date' does not exist on type 'never'.
src/app/api/v1/bookings/route.ts(188,27): error TS2339: Property 'checkout_date' does not exist on type 'never'.
src/app/api/v1/bookings/route.ts(189,23): error TS2339: Property 'room_type' does not exist on type 'never'.
src/app/api/v1/bookings/route.ts(190,25): error TS2339: Property 'rooms_count' does not exist on type 'never'.
src/app/api/v1/bookings/route.ts(191,20): error TS2339: Property 'guests' does not exist on type 'never'.
src/app/api/v1/bookings/route.ts(192,21): error TS2339: Property 'contact' does not exist on type 'never'.
src/app/api/v1/bookings/route.ts(193,30): error TS2339: Property 'special_requests' does not exist on type 'never'.
src/app/api/v1/bookings/route.ts(202,15): error TS2339: Property 'ok' does not exist on type '{ direction: string; entity_id: string; entity_type: string; payload: Json; queue_id: string; retry_count: number; }[]'.
src/app/api/v1/bookings/route.ts(206,17): error TS2339: Property 'data' does not exist on type '{ direction: string; entity_id: string; entity_type: string; payload: Json; queue_id: string; retry_count: number; }[]'.
src/app/api/v1/bookings/route.ts(220,13): error TS2339: Property 'visa_id' does not exist on type 'never'.
src/app/api/v1/bookings/route.ts(220,30): error TS2339: Property 'applicant' does not exist on type 'never'.
src/app/api/v1/bookings/route.ts(225,26): error TS2339: Property 'applicant' does not exist on type 'never'.
src/app/api/v1/bookings/route.ts(242,11): error TS2339: Property 'contact' does not exist on type 'never'.
src/app/api/v1/bookings/route.ts(243,11): error TS2339: Property 'contact' does not exist on type 'never'.
src/app/api/v1/bookings/route.ts(244,11): error TS2339: Property 'contact' does not exist on type 'never'.
src/app/api/v1/bookings/route.ts(245,11): error TS2339: Property 'contact' does not exist on type 'never'.
src/app/api/v1/bookings/route.ts(246,11): error TS2339: Property 'contact' does not exist on type 'never'.
src/app/api/v1/bookings/route.ts(254,54): error TS2345: Argument of type '"submit_visa_application"' is not assignable to parameter of type '"cancel_booking" | "confirm_booking" | "create_flight_booking" | "create_hotel_booking" | "create_organization_with_admin" | "create_portal_notification" | "create_trip_booking" | ... 12 more ... | "update_document_completion"'.
src/app/api/v1/bookings/route.ts(256,21): error TS2339: Property 'visa_id' does not exist on type 'never'.
src/app/api/v1/bookings/route.ts(258,21): error TS2339: Property 'contact' does not exist on type 'never'.
src/app/api/v1/bookings/route.ts(259,26): error TS2339: Property 'travel_dates' does not exist on type 'never'.
src/app/api/v1/bookings/route.ts(260,30): error TS2339: Property 'purpose_of_visit' does not exist on type 'never'.
src/app/api/v1/bookings/route.ts(261,26): error TS2339: Property 'document_ids' does not exist on type 'never'.
src/app/api/v1/bookings/route.ts(270,15): error TS2339: Property 'ok' does not exist on type '{ direction: string; entity_id: string; entity_type: string; payload: Json; queue_id: string; retry_count: number; }[]'.
src/app/api/v1/bookings/route.ts(274,17): error TS2339: Property 'data' does not exist on type '{ direction: string; entity_id: string; entity_type: string; payload: Json; queue_id: string; retry_count: number; }[]'.
src/app/api/v1/bookings/route.ts(289,11): error TS2339: Property 'trip_id' does not exist on type 'never'.
src/app/api/v1/bookings/route.ts(290,11): error TS2339: Property 'travelers' does not exist on type 'never'.
src/app/api/v1/bookings/route.ts(291,10): error TS2339: Property 'travelers' does not exist on type 'never'.
src/app/api/v1/bookings/route.ts(299,31): error TS2339: Property 'travelers' does not exist on type 'never'.
src/app/api/v1/bookings/route.ts(313,13): error TS2339: Property 'contact' does not exist on type 'never'.
src/app/api/v1/bookings/route.ts(313,37): error TS2339: Property 'contact' does not exist on type 'never'.
src/app/api/v1/bookings/route.ts(318,54): error TS2345: Argument of type '"book_trip"' is not assignable to parameter of type '"cancel_booking" | "confirm_booking" | "create_flight_booking" | "create_hotel_booking" | "create_organization_with_admin" | "create_portal_notification" | "create_trip_booking" | ... 12 more ... | "update_document_completion"'.
src/app/api/v1/bookings/route.ts(320,21): error TS2339: Property 'trip_id' does not exist on type 'never'.
src/app/api/v1/bookings/route.ts(321,23): error TS2339: Property 'travelers' does not exist on type 'never'.
src/app/api/v1/bookings/route.ts(322,21): error TS2339: Property 'contact' does not exist on type 'never'.
src/app/api/v1/bookings/route.ts(323,30): error TS2339: Property 'special_requests' does not exist on type 'never'.
src/app/api/v1/bookings/route.ts(324,34): error TS2339: Property 'dietary_requirements' does not exist on type 'never'.
src/app/api/v1/bookings/route.ts(333,15): error TS2339: Property 'ok' does not exist on type '{ direction: string; entity_id: string; entity_type: string; payload: Json; queue_id: string; retry_count: number; }[]'.
src/app/api/v1/bookings/route.ts(337,17): error TS2339: Property 'data' does not exist on type '{ direction: string; entity_id: string; entity_type: string; payload: Json; queue_id: string; retry_count: number; }[]'.
src/app/api/v1/flights/search/route.ts(42,9): error TS2345: Argument of type 'string' is not assignable to parameter of type 'Record<string, string[]>'.
src/app/api/v1/flights/search/route.ts(49,9): error TS2345: Argument of type 'string' is not assignable to parameter of type 'Record<string, string[]>'.
src/app/api/v1/flights/search/route.ts(57,40): error TS2345: Argument of type 'string' is not assignable to parameter of type 'Record<string, string[]>'.
src/app/api/v1/flights/search/route.ts(61,40): error TS2345: Argument of type 'string' is not assignable to parameter of type 'Record<string, string[]>'.
src/app/api/v1/flights/search/route.ts(69,40): error TS2345: Argument of type 'string' is not assignable to parameter of type 'Record<string, string[]>'.
src/app/api/v1/flights/search/route.ts(74,57): error TS2345: Argument of type '"search_flights"' is not assignable to parameter of type '"cancel_booking" | "confirm_booking" | "create_flight_booking" | "create_hotel_booking" | "create_organization_with_admin" | "create_portal_notification" | "create_trip_booking" | ... 12 more ... | "update_document_completion"'.
src/app/api/v1/flights/search/route.ts(91,9): error TS2345: Argument of type '"search_flights"' is not assignable to parameter of type '"cancel_booking" | "confirm_booking" | "create_flight_booking" | "create_hotel_booking" | "create_organization_with_admin" | "create_portal_notification" | "create_trip_booking" | ... 12 more ... | "update_document_completion"'.
src/app/api/v1/flights/search/route.ts(104,9): error TS2322: Type 'string | number | true | { [key: string]: Json | undefined; } | Json[] | { instructions: string; optional_docs: Json; processing_days: number; required_docs: Json; }[]' is not assignable to type 'Flight[]'.
src/app/api/v1/flights/search/route.ts(110,17): error TS2352: Conversion of type 'string | number | boolean | { [key: string]: Json | undefined; } | Json[] | { instructions: string; optional_docs: Json; processing_days: number; required_docs: Json; }[]' to type 'Flight[]' may be a mistake because neither type sufficiently overlaps with the other. If this was intentional, convert the expression to 'unknown' first.
src/app/api/v1/flights/search/route.ts(119,7): error TS2554: Expected 1-2 arguments, but got 3.
src/app/api/v1/flights/search/route.ts(128,26): error TS2345: Argument of type 'Error' is not assignable to parameter of type 'string'.
src/app/api/v1/hotels/search/route.ts(52,40): error TS2345: Argument of type 'string' is not assignable to parameter of type 'Record<string, string[]>'.
src/app/api/v1/hotels/search/route.ts(56,40): error TS2345: Argument of type 'string' is not assignable to parameter of type 'Record<string, string[]>'.
src/app/api/v1/hotels/search/route.ts(60,40): error TS2345: Argument of type 'string' is not assignable to parameter of type 'Record<string, string[]>'.
src/app/api/v1/hotels/search/route.ts(66,38): error TS2345: Argument of type 'string' is not assignable to parameter of type 'Record<string, string[]>'.
src/app/api/v1/hotels/search/route.ts(70,38): error TS2345: Argument of type 'string' is not assignable to parameter of type 'Record<string, string[]>'.
src/app/api/v1/hotels/search/route.ts(76,9): error TS2345: Argument of type 'string' is not assignable to parameter of type 'Record<string, string[]>'.
src/app/api/v1/hotels/search/route.ts(82,38): error TS2345: Argument of type 'string' is not assignable to parameter of type 'Record<string, string[]>'.
src/app/api/v1/hotels/search/route.ts(86,56): error TS2345: Argument of type '"search_hotels"' is not assignable to parameter of type '"cancel_booking" | "confirm_booking" | "create_flight_booking" | "create_hotel_booking" | "create_organization_with_admin" | "create_portal_notification" | "create_trip_booking" | ... 12 more ... | "update_document_completion"'.
src/app/api/v1/hotels/search/route.ts(102,7): error TS2352: Conversion of type 'string | number | boolean | { [key: string]: Json | undefined; } | Json[] | { instructions: string; optional_docs: Json; processing_days: number; required_docs: Json; }[]' to type 'Hotel[]' may be a mistake because neither type sufficiently overlaps with the other. If this was intentional, convert the expression to 'unknown' first.
src/app/api/v1/hotels/search/route.ts(104,7): error TS2554: Expected 1-2 arguments, but got 3.
src/app/api/v1/hotels/search/route.ts(105,24): error TS2339: Property 'length' does not exist on type 'string | number | boolean | { [key: string]: Json | undefined; } | Json[] | { instructions: string; optional_docs: Json; processing_days: number; required_docs: Json; }[]'.
src/app/api/v1/hotels/search/route.ts(117,26): error TS2345: Argument of type 'Error' is not assignable to parameter of type 'string'.
src/app/api/v1/payments/confirm/route.ts(27,38): error TS2345: Argument of type 'string[]' is not assignable to parameter of type 'SupabaseClient<Database, "public", "public", { Tables: { booking_policies: { Row: { cancellation_fee_percent: number | null; cancellation_window_hours: number | null; created_at: string; ... 6 more ...; vertical: string; }; Insert: { ...; }; Update: { ...; }; Relationships: []; }; ... 26 more ...; webhook_processing...'.
src/app/api/v1/payments/confirm/route.ts(33,38): error TS2345: Argument of type 'string' is not assignable to parameter of type 'Record<string, string[]>'.
src/app/api/v1/payments/confirm/route.ts(40,13): error TS2769: No overload matches this call.
src/app/api/v1/payments/confirm/route.ts(42,11): error TS2345: Argument of type '"id"' is not assignable to parameter of type 'never'.
src/app/api/v1/payments/confirm/route.ts(55,17): error TS2339: Property 'status' does not exist on type 'SelectQueryError<"column 'id' does not exist on 'travel_requests'."> | SelectQueryError<"column 'id' does not exist on 'profiles'."> | ... 25 more ... | SelectQueryError<...>'.
src/app/api/v1/payments/confirm/route.ts(59,17): error TS2339: Property 'status' does not exist on type 'SelectQueryError<"column 'id' does not exist on 'travel_requests'."> | SelectQueryError<"column 'id' does not exist on 'profiles'."> | ... 25 more ... | SelectQueryError<...>'.
src/app/api/v1/payments/confirm/route.ts(63,17): error TS2339: Property 'status' does not exist on type 'SelectQueryError<"column 'id' does not exist on 'travel_requests'."> | SelectQueryError<"column 'id' does not exist on 'profiles'."> | ... 25 more ... | SelectQueryError<...>'.
src/app/api/v1/payments/confirm/route.ts(69,15): error TS2339: Property 'method' does not exist on type 'SelectQueryError<"column 'id' does not exist on 'travel_requests'."> | SelectQueryError<"column 'id' does not exist on 'profiles'."> | ... 25 more ... | SelectQueryError<...>'.
src/app/api/v1/payments/confirm/route.ts(74,9): error TS2345: Argument of type 'string' is not assignable to parameter of type 'Record<string, string[]>'.
src/app/api/v1/payments/confirm/route.ts(79,66): error TS2345: Argument of type '"confirm_payment"' is not assignable to parameter of type '"cancel_booking" | "confirm_booking" | "create_flight_booking" | "create_hotel_booking" | "create_organization_with_admin" | "create_portal_notification" | "create_trip_booking" | ... 12 more ... | "update_document_completion"'.
src/app/api/v1/payments/confirm/route.ts(91,10): error TS18047: 'result' is possibly 'null'.
src/app/api/v1/payments/confirm/route.ts(91,17): error TS2339: Property 'ok' does not exist on type 'string | number | boolean | { [key: string]: Json | undefined; } | Json[] | { instructions: string; optional_docs: Json; processing_days: number; required_docs: Json; }[]'.
src/app/api/v1/payments/confirm/route.ts(98,29): error TS2339: Property 'booking_id' does not exist on type 'SelectQueryError<"column 'id' does not exist on 'travel_requests'."> | SelectQueryError<"column 'id' does not exist on 'profiles'."> | ... 25 more ... | SelectQueryError<...>'.
src/app/api/v1/payments/confirm/route.ts(100,29): error TS2339: Property 'id' does not exist on type '{ user: User; profile: { role: string; }; }'.
src/app/api/v1/payments/confirm/route.ts(103,7): error TS2345: Argument of type 'string' is not assignable to parameter of type 'number'.
src/app/api/v1/payments/confirm/route.ts(107,26): error TS2345: Argument of type 'Error' is not assignable to parameter of type 'string'.
src/app/api/v1/trips/search/route.ts(49,40): error TS2345: Argument of type 'string' is not assignable to parameter of type 'Record<string, string[]>'.
src/app/api/v1/trips/search/route.ts(53,40): error TS2345: Argument of type 'string' is not assignable to parameter of type 'Record<string, string[]>'.
src/app/api/v1/trips/search/route.ts(59,38): error TS2345: Argument of type 'string' is not assignable to parameter of type 'Record<string, string[]>'.
src/app/api/v1/trips/search/route.ts(65,9): error TS2345: Argument of type 'string' is not assignable to parameter of type 'Record<string, string[]>'.
src/app/api/v1/trips/search/route.ts(71,38): error TS2345: Argument of type 'string' is not assignable to parameter of type 'Record<string, string[]>'.
src/app/api/v1/trips/search/route.ts(75,55): error TS2345: Argument of type '"search_trips"' is not assignable to parameter of type '"cancel_booking" | "confirm_booking" | "create_flight_booking" | "create_hotel_booking" | "create_organization_with_admin" | "create_portal_notification" | "create_trip_booking" | ... 12 more ... | "update_document_completion"'.
src/app/api/v1/trips/search/route.ts(91,7): error TS2352: Conversion of type 'string | number | boolean | { [key: string]: Json | undefined; } | Json[] | { instructions: string; optional_docs: Json; processing_days: number; required_docs: Json; }[]' to type 'Trip[]' may be a mistake because neither type sufficiently overlaps with the other. If this was intentional, convert the expression to 'unknown' first.
src/app/api/v1/trips/search/route.ts(93,7): error TS2554: Expected 1-2 arguments, but got 3.
src/app/api/v1/trips/search/route.ts(94,23): error TS2339: Property 'length' does not exist on type 'string | number | boolean | { [key: string]: Json | undefined; } | Json[] | { instructions: string; optional_docs: Json; processing_days: number; required_docs: Json; }[]'.
src/app/api/v1/trips/search/route.ts(106,26): error TS2345: Argument of type 'Error' is not assignable to parameter of type 'string'.
src/app/api/v1/visas/[id]/review/route.ts(37,38): error TS2345: Argument of type 'string[]' is not assignable to parameter of type 'SupabaseClient<Database, "public", "public", { Tables: { booking_policies: { Row: { cancellation_fee_percent: number | null; cancellation_window_hours: number | null; created_at: string; ... 6 more ...; vertical: string; }; Insert: { ...; }; Update: { ...; }; Relationships: []; }; ... 26 more ...; webhook_processing...'.
src/app/api/v1/visas/[id]/review/route.ts(48,38): error TS2345: Argument of type 'string' is not assignable to parameter of type 'Record<string, string[]>'.
src/app/api/v1/visas/[id]/review/route.ts(55,9): error TS2345: Argument of type 'string' is not assignable to parameter of type 'Record<string, string[]>'.
src/app/api/v1/visas/[id]/review/route.ts(65,9): error TS2345: Argument of type 'string' is not assignable to parameter of type 'Record<string, string[]>'.
src/app/api/v1/visas/[id]/review/route.ts(86,27): error TS2339: Property 'review_status' does not exist on type 'SelectQueryError<"column 'booking_id' does not exist on 'visa_booking_details'.">'.
src/app/api/v1/visas/[id]/review/route.ts(90,27): error TS2339: Property 'review_status' does not exist on type 'SelectQueryError<"column 'booking_id' does not exist on 'visa_booking_details'.">'.
src/app/api/v1/visas/[id]/review/route.ts(94,27): error TS2339: Property 'review_status' does not exist on type 'SelectQueryError<"column 'booking_id' does not exist on 'visa_booking_details'.">'.
src/app/api/v1/visas/[id]/review/route.ts(100,7): error TS2345: Argument of type '"review_visa_application"' is not assignable to parameter of type '"cancel_booking" | "confirm_booking" | "create_flight_booking" | "create_hotel_booking" | "create_organization_with_admin" | "create_portal_notification" | "create_trip_booking" | ... 12 more ... | "update_document_completion"'.
src/app/api/v1/visas/[id]/review/route.ts(116,10): error TS18047: 'result' is possibly 'null'.
src/app/api/v1/visas/[id]/review/route.ts(116,17): error TS2339: Property 'ok' does not exist on type 'string | number | boolean | { [key: string]: Json | undefined; } | Json[] | { instructions: string; optional_docs: Json; processing_days: number; required_docs: Json; }[]'.
src/app/api/v1/visas/[id]/review/route.ts(131,26): error TS2339: Property 'id' does not exist on type '{ user: User; profile: { role: string; }; }'.
src/app/api/v1/visas/[id]/review/route.ts(135,38): error TS2345: Argument of type 'string' is not assignable to parameter of type 'number'.
src/app/api/v1/visas/[id]/review/route.ts(138,26): error TS2345: Argument of type 'Error' is not assignable to parameter of type 'string'.
src/app/api/v1/visas/search/route.ts(44,9): error TS2345: Argument of type 'string' is not assignable to parameter of type 'Record<string, string[]>'.
src/app/api/v1/visas/search/route.ts(51,9): error TS2345: Argument of type 'string' is not assignable to parameter of type 'Record<string, string[]>'.
src/app/api/v1/visas/search/route.ts(56,55): error TS2345: Argument of type '"search_visas"' is not assignable to parameter of type '"cancel_booking" | "confirm_booking" | "create_flight_booking" | "create_hotel_booking" | "create_organization_with_admin" | "create_portal_notification" | "create_trip_booking" | ... 12 more ... | "update_document_completion"'.
src/app/api/v1/visas/search/route.ts(68,7): error TS2352: Conversion of type 'string | number | boolean | { [key: string]: Json | undefined; } | Json[] | { instructions: string; optional_docs: Json; processing_days: number; required_docs: Json; }[]' to type 'Visa[]' may be a mistake because neither type sufficiently overlaps with the other. If this was intentional, convert the expression to 'unknown' first.
src/app/api/v1/visas/search/route.ts(70,7): error TS2554: Expected 1-2 arguments, but got 3.
src/app/api/v1/visas/search/route.ts(71,23): error TS2339: Property 'length' does not exist on type 'string | number | boolean | { [key: string]: Json | undefined; } | Json[] | { instructions: string; optional_docs: Json; processing_days: number; required_docs: Json; }[]'.
src/app/api/v1/visas/search/route.ts(81,26): error TS2345: Argument of type 'Error' is not assignable to parameter of type 'string'.
src/app/api/visa/my-applications/[id]/route.ts(53,25): error TS2339: Property 'customer_id' does not exist on type 'SelectQueryError<"could not find the relation between visa_booking_details and bookings">'.
src/app/api/visa/my-applications/[id]/route.ts(59,26): error TS2551: Property 'booking_id' does not exist on type '{ created_at: string; currency: string | null; destination_country: string; government_fee: number | null; id: string; processing_type: string | null; service_fee: number | null; total_price: number | null; ... 5 more ...; visa: SelectQueryError<...>; }'. Did you mean 'booking'?
src/app/api/visa/my-applications/[id]/route.ts(60,34): error TS2339: Property 'reference' does not exist on type 'SelectQueryError<"could not find the relation between visa_booking_details and bookings">'.
src/app/api/visa/my-applications/[id]/route.ts(61,22): error TS2339: Property 'review_status' does not exist on type '{ created_at: string; currency: string | null; destination_country: string; government_fee: number | null; id: string; processing_type: string | null; service_fee: number | null; total_price: number | null; ... 5 more ...; visa: SelectQueryError<...>; }'.
src/app/api/visa/my-applications/[id]/route.ts(62,41): error TS2339: Property 'destination_country' does not exist on type 'SelectQueryError<"could not find the relation between visa_booking_details and visas">'.
src/app/api/visa/my-applications/[id]/route.ts(63,31): error TS2339: Property 'visa_type' does not exist on type 'SelectQueryError<"could not find the relation between visa_booking_details and visas">'.
src/app/api/visa/my-applications/[id]/route.ts(64,25): error TS2339: Property 'applicant' does not exist on type '{ created_at: string; currency: string | null; destination_country: string; government_fee: number | null; id: string; processing_type: string | null; service_fee: number | null; total_price: number | null; ... 5 more ...; visa: SelectQueryError<...>; }'.
src/app/api/visa/my-applications/[id]/route.ts(65,28): error TS2339: Property 'submitted_at' does not exist on type '{ created_at: string; currency: string | null; destination_country: string; government_fee: number | null; id: string; processing_type: string | null; service_fee: number | null; total_price: number | null; ... 5 more ...; visa: SelectQueryError<...>; }'.
src/app/api/visa/my-applications/[id]/route.ts(66,27): error TS2339: Property 'reviewed_at' does not exist on type '{ created_at: string; currency: string | null; destination_country: string; government_fee: number | null; id: string; processing_type: string | null; service_fee: number | null; total_price: number | null; ... 5 more ...; visa: SelectQueryError<...>; }'.
src/app/api/visa/my-applications/[id]/route.ts(67,21): error TS2339: Property 'staff_notes' does not exist on type '{ created_at: string; currency: string | null; destination_country: string; government_fee: number | null; id: string; processing_type: string | null; service_fee: number | null; total_price: number | null; ... 5 more ...; visa: SelectQueryError<...>; }'.
src/app/api/visa/my-applications/[id]/route.ts(68,35): error TS2339: Property 'created_at' does not exist on type 'SelectQueryError<"could not find the relation between visa_booking_details and bookings">'.
src/app/api/visa/my-applications/[id]/route.ts(69,37): error TS2339: Property 'total_amount' does not exist on type 'SelectQueryError<"could not find the relation between visa_booking_details and bookings">'.
src/app/api/visa/my-applications/route.ts(36,11): error TS2345: Argument of type '"customer_id"' is not assignable to parameter of type '"id" | "organization_id" | "linked_payment_id" | "linked_visa_application_id" | "created_at" | "updated_at" | "vertical" | "client_user_id" | "status" | "return_date" | "destination_country" | ... 20 more ... | "traveler_count"'.
src/app/api/visa/my-applications/route.ts(37,11): error TS2345: Argument of type '"booking_type"' is not assignable to parameter of type '"id" | "organization_id" | "linked_payment_id" | "linked_visa_application_id" | "created_at" | "updated_at" | "vertical" | "client_user_id" | "status" | "return_date" | "destination_country" | ... 20 more ... | "traveler_count"'.
src/app/api/visa/my-applications/route.ts(56,28): error TS2339: Property 'reference' does not exist on type '{ assigned_staff_id: string | null; booking_reference: string | null; booking_status: string | null; cancelled_at: string | null; client_user_id: string | null; completed_at: string | null; ... 26 more ...; visa_booking_details: { ...; } | null; }'.
src/app/book/trip/page.tsx(249,98): error TS7053: Element implicitly has an 'any' type because expression of type 'string' can't be used to index type '{ title: string; first_name: string; last_name: string; date_of_birth: string; nationality: string; emergency_contact_name: string; emergency_contact_phone: string; }'.
src/app/book/trip/page.tsx(254,109): error TS7053: Element implicitly has an 'any' type because expression of type 'string' can't be used to index type '{ title: string; first_name: string; last_name: string; date_of_birth: string; nationality: string; emergency_contact_name: string; emergency_contact_phone: string; }'.
src/app/dashboard/layout.tsx(70,17): error TS2339: Property 'isLoading' does not exist on type '{ user: User | null; loading: boolean; signIn: (email: string, password: string) => Promise<{ user: User; session: Session; weakPassword?: WeakPassword | undefined; }>; signUp: (email: string, password: string, metadata?: Record<...> | undefined) => Promise<...>; signOut: () => Promise<...>; }'.
src/app/dashboard/layout.tsx(70,28): error TS2339: Property 'logout' does not exist on type '{ user: User | null; loading: boolean; signIn: (email: string, password: string) => Promise<{ user: User; session: Session; weakPassword?: WeakPassword | undefined; }>; signUp: (email: string, password: string, metadata?: Record<...> | undefined) => Promise<...>; signOut: () => Promise<...>; }'.
src/app/dashboard/page.tsx(106,9): error TS2304: Cannot find name 'crmAdapter'.
src/app/dashboard/page.tsx(107,9): error TS2304: Cannot find name 'crmAdapter'.
src/app/dashboard/page.tsx(108,9): error TS2304: Cannot find name 'crmAdapter'.
src/app/dashboard/page.tsx(130,13): error TS2339: Property 'first_name' does not exist on type 'User'.
src/app/dashboard/page.tsx(131,17): error TS2339: Property 'first_name' does not exist on type 'User'.
src/app/dashboard/profile/page.tsx(58,39): error TS2304: Cannot find name 'useAuth'.
src/app/dashboard/profile/page.tsx(81,5): error TS2304: Cannot find name 'crmAdapter'.
src/app/dashboard/profile/page.tsx(82,14): error TS7006: Parameter 'res' implicitly has an 'any' type.
src/app/dashboard/profile/page.tsx(97,25): error TS2304: Cannot find name 'crmAdapter'.
src/app/dashboard/profile/page.tsx(111,25): error TS2304: Cannot find name 'crmAdapter'.
src/app/dashboard/travel/page.tsx(86,20): error TS2352: Conversion of type '{ assigned_staff_id: string | null; booking_reference: string | null; booking_status: string | null; cancelled_at: string | null; client_user_id: string | null; completed_at: string | null; ... 25 more ...; vertical: string | null; }[]' to type 'TravelRequest[]' may be a mistake because neither type sufficiently overlaps with the other. If this was intentional, convert the expression to 'unknown' first.
src/app/en-eg/hotel-booking/page.tsx(257,17): error TS2339: Property 'isLoading' does not exist on type '{ user: User | null; loading: boolean; signIn: (email: string, password: string) => Promise<{ user: User; session: Session; weakPassword?: WeakPassword | undefined; }>; signUp: (email: string, password: string, metadata?: Record<...> | undefined) => Promise<...>; signOut: () => Promise<...>; }'.
src/app/en-eg/hotels/page.tsx(148,7): error TS2322: Type '"7xl"' is not assignable to type '"full" | "sm" | "md" | "lg" | "xl" | undefined'.
src/app/en-eg/tours/page.tsx(187,7): error TS2322: Type '"7xl"' is not assignable to type '"full" | "sm" | "md" | "lg" | "xl" | undefined'.
src/app/en-eg/visa-application/page.tsx(126,17): error TS2339: Property 'isLoading' does not exist on type '{ user: User | null; loading: boolean; signIn: (email: string, password: string) => Promise<{ user: User; session: Session; weakPassword?: WeakPassword | undefined; }>; signUp: (email: string, password: string, metadata?: Record<...> | undefined) => Promise<...>; signOut: () => Promise<...>; }'.
src/app/error.tsx(50,31): error TS2304: Cannot find name 'crmAdapter'.
src/app/profile/page.tsx(59,10): error TS2339: Property 'catch' does not exist on type 'PromiseLike<void>'.
src/components/layout/Navbar.tsx(171,17): error TS2339: Property 'logout' does not exist on type '{ user: User | null; loading: boolean; signIn: (email: string, password: string) => Promise<{ user: User; session: Session; weakPassword?: WeakPassword | undefined; }>; signUp: (email: string, password: string, metadata?: Record<...> | undefined) => Promise<...>; signOut: () => Promise<...>; }'.
src/components/layout/Navbar.tsx(320,49): error TS2339: Property 'closeMenu' does not exist on type '{ login: string; logout: string; myAccount: string; from: string; roundTrip: string; startingFrom: string; bookNow: string; }'.
src/components/layout/Navbar.tsx(320,70): error TS2339: Property 'openMenu' does not exist on type '{ login: string; logout: string; myAccount: string; from: string; roundTrip: string; startingFrom: string; bookNow: string; }'.
src/hooks/useFlightSearch.ts(38,26): error TS2304: Cannot find name 'crmAdapter'.
src/lib/api/auth.ts(61,5): error TS2322: Type 'string | boolean | undefined' is not assignable to type 'boolean'.
src/lib/api/auth.ts(151,17): error TS2339: Property 'is_profile_complete' does not exist on type 'SelectQueryError<"column 'is_profile_complete' does not exist on 'profiles'.">'.
src/lib/api/response.ts(103,11): error TS2698: Spread types may only be created from object types.
src/lib/api/response.ts(139,9): error TS2698: Spread types may only be created from object types.
src/lib/api/server-utils.ts(35,16): error TS2339: Property 'has_complete_profile' does not exist on type 'SelectQueryError<"column 'has_complete_profile' does not exist on 'profiles'.">'.
src/lib/api/supabase-server.ts(10,31): error TS2307: Cannot find module '@/types/supabase' or its corresponding type declarations.
src/lib/env.ts(33,34): error TS2339: Property 'errors' does not exist on type 'ZodError<{ NEXT_PUBLIC_SUPABASE_URL: string; NEXT_PUBLIC_SUPABASE_ANON_KEY: string; NODE_ENV: "development" | "production" | "test"; SUPABASE_SERVICE_ROLE_KEY?: string | undefined; CRM_WEBHOOK_SECRET?: string | undefined; }>'.
src/lib/env.ts(34,13): error TS7006: Parameter 'e' implicitly has an 'any' type.
src/lib/store.ts(17,10): error TS2305: Module '"@/modules/auth"' has no exported member 'useAuthStore'.
src/modules/cms/use-cms-content.ts(18,10): error TS2300: Duplicate identifier 'TABLES'.
src/modules/cms/use-cms-content.ts(20,10): error TS2300: Duplicate identifier 'TABLES'.
src/modules/cms/use-cms-content.ts(22,10): error TS2300: Duplicate identifier 'TABLES'.
src/modules/cms/use-cms-content.ts(63,23): error TS2352: Conversion of type '{ created_at: string; display_order: number; end_date: string | null; id: string; image_url: string | null; is_active: boolean; link_text: string | null; link_url: string | null; position: string; ... 4 more ...; updated_at: string; }[]' to type 'ContentBanner[]' may be a mistake because neither type sufficiently overlaps with the other. If this was intentional, convert the expression to 'unknown' first.
src/modules/cms/use-cms-content.ts(88,24): error TS2352: Conversion of type '{ available_spots: number; created_at: string; created_by: string | null; currency: string | null; description: string | null; destination: string; duration_days: number; end_date: string; ... 11 more ...; updated_at: string; }[]' to type 'TripPackage[]' may be a mistake because neither type sufficiently overlaps with the other. If this was intentional, convert the expression to 'unknown' first.
src/modules/portal/hooks/useDocuments.ts(38,34): error TS2339: Property 'registerDocument' does not exist on type 'SupabaseClient<Database, "public", "public", { Tables: { booking_policies: { Row: { cancellation_fee_percent: number | null; cancellation_window_hours: number | null; created_at: string; ... 6 more ...; vertical: string; }; Insert: { ...; }; Update: { ...; }; Relationships: []; }; ... 26 more ...; webhook_processing...'.
src/modules/portal/hooks/useDocuments.ts(58,22): error TS2339: Property 'deleteDocument' does not exist on type 'SupabaseClient<Database, "public", "public", { Tables: { booking_policies: { Row: { cancellation_fee_percent: number | null; cancellation_window_hours: number | null; created_at: string; ... 6 more ...; vertical: string; }; Insert: { ...; }; Update: { ...; }; Relationships: []; }; ... 26 more ...; webhook_processing...'.
src/modules/portal/hooks/useNotifications.ts(37,24): error TS2345: Argument of type '{ body: string | null; created_at: string; customer_id: string; data: Json; id: string; is_read: boolean; title: string; travel_request_id: string | null; type: string; }[]' is not assignable to parameter of type 'SetStateAction<NotificationResponse[]>'.
src/modules/portal/hooks/usePortalDashboard.ts(16,34): error TS2339: Property 'getDashboard' does not exist on type 'SupabaseClient<Database, "public", "public", { Tables: { booking_policies: { Row: { cancellation_fee_percent: number | null; cancellation_window_hours: number | null; created_at: string; ... 6 more ...; vertical: string; }; Insert: { ...; }; Update: { ...; }; Relationships: []; }; ... 26 more ...; webhook_processing...'.
src/modules/portal/hooks/useRequests.ts(27,34): error TS2339: Property 'listRequests' does not exist on type 'SupabaseClient<Database, "public", "public", { Tables: { booking_policies: { Row: { cancellation_fee_percent: number | null; cancellation_window_hours: number | null; created_at: string; ... 6 more ...; vertical: string; }; Insert: { ...; }; Update: { ...; }; Relationships: []; }; ... 26 more ...; webhook_processing...'.
src/modules/portal/hooks/useRequests.ts(40,32): error TS2339: Property 'createRequest' does not exist on type 'SupabaseClient<Database, "public", "public", { Tables: { booking_policies: { Row: { cancellation_fee_percent: number | null; cancellation_window_hours: number | null; created_at: string; ... 6 more ...; vertical: string; }; Insert: { ...; }; Update: { ...; }; Relationships: []; }; ... 26 more ...; webhook_processing...'.
src/modules/portal/hooks/useRequests.ts(47,36): error TS2339: Property 'updateRequest' does not exist on type 'SupabaseClient<Database, "public", "public", { Tables: { booking_policies: { Row: { cancellation_fee_percent: number | null; cancellation_window_hours: number | null; created_at: string; ... 6 more ...; vertical: string; }; Insert: { ...; }; Update: { ...; }; Relationships: []; }; ... 26 more ...; webhook_processing...'.
src/modules/portal/hooks/useRequests.ts(65,34): error TS2339: Property 'getRequest' does not exist on type 'SupabaseClient<Database, "public", "public", { Tables: { booking_policies: { Row: { cancellation_fee_percent: number | null; cancellation_window_hours: number | null; created_at: string; ... 6 more ...; vertical: string; }; Insert: { ...; }; Update: { ...; }; Relationships: []; }; ... 26 more ...; webhook_processing...'.
src/modules/portal/index.ts(32,38): error TS2306: File 'C:/Users/EXPRESS/Downloads/coding/spanker/src/modules/portal/services/portalService.ts' is not a module.
src/modules/travel/services/travel-endpoints.ts(57,31): error TS2322: Type '{ assigned_staff_id: string | null; booking_reference: string | null; booking_status: string | null; cancelled_at: string | null; client_user_id: string | null; completed_at: string | null; ... 25 more ...; vertical: string | null; }' is not assignable to type 'TravelRequest'.
src/modules/travel/services/travel-endpoints.ts(67,38): error TS2352: Conversion of type '{ assigned_staff_id: string | null; booking_reference: string | null; booking_status: string | null; cancelled_at: string | null; client_user_id: string | null; completed_at: string | null; ... 25 more ...; vertical: string | null; }[]' to type 'TravelRequest[]' may be a mistake because neither type sufficiently overlaps with the other. If this was intentional, convert the expression to 'unknown' first.
src/modules/travel/services/travel-endpoints.ts(81,37): error TS2352: Conversion of type '{ assigned_staff_id: string | null; booking_reference: string | null; booking_status: string | null; cancelled_at: string | null; client_user_id: string | null; completed_at: string | null; ... 25 more ...; vertical: string | null; }' to type 'TravelRequest' may be a mistake because neither type sufficiently overlaps with the other. If this was intentional, convert the expression to 'unknown' first.
src/modules/travel/services/travel-endpoints.ts(91,17): error TS2345: Argument of type '{ updated_at: string; id?: string | undefined; client_user_id?: string | undefined; destination_country?: string | undefined; travel_type?: TravelType | undefined; departure_date?: string | undefined; ... 13 more ...; completed_at?: string | undefined; }' is not assignable to parameter of type 'RejectExcessProperties<{ assigned_staff_id?: string | null | undefined; booking_reference?: string | null | undefined; booking_status?: string | null | undefined; cancelled_at?: string | null | undefined; ... 27 more ...; vertical?: string | ... 1 more ... | undefined; }, { ...; }>'.
src/modules/travel/services/travel-endpoints.ts(96,37): error TS2352: Conversion of type '{ assigned_staff_id: string | null; booking_reference: string | null; booking_status: string | null; cancelled_at: string | null; client_user_id: string | null; completed_at: string | null; ... 25 more ...; vertical: string | null; }' to type 'TravelRequest' may be a mistake because neither type sufficiently overlaps with the other. If this was intentional, convert the expression to 'unknown' first.
src/modules/travel/services/travel-requests-service.ts(36,30): error TS2353: Object literal may only specify known properties, and 'status' does not exist in type '{ ok: false; error: string; }'.
src/modules/travel/services/travel-requests-service.ts(94,17): error TS2352: Conversion of type '{ assigned_staff_id: string | null; booking_reference: string | null; booking_status: string | null; cancelled_at: string | null; client_user_id: string | null; completed_at: string | null; ... 25 more ...; vertical: string | null; }' to type 'TravelRequest' may be a mistake because neither type sufficiently overlaps with the other. If this was intentional, convert the expression to 'unknown' first.
src/modules/travel/services/travel-requests-service.ts(106,28): error TS2352: Conversion of type '{ assigned_staff_id: string | null; booking_reference: string | null; booking_status: string | null; cancelled_at: string | null; client_user_id: string | null; completed_at: string | null; ... 25 more ...; vertical: string | null; }[]' to type 'TravelRequest[]' may be a mistake because neither type sufficiently overlaps with the other. If this was intentional, convert the expression to 'unknown' first.
src/modules/travel/services/travel-requests-service.ts(127,19): error TS2352: Conversion of type '{ assigned_staff_id: string | null; booking_reference: string | null; booking_status: string | null; cancelled_at: string | null; client_user_id: string | null; completed_at: string | null; ... 25 more ...; vertical: string | null; }' to type 'TravelRequest' may be a mistake because neither type sufficiently overlaps with the other. If this was intentional, convert the expression to 'unknown' first.
src/modules/travel/services/travel-requests-service.ts(139,17): error TS2345: Argument of type '{ updated_at: string; id?: string | undefined; client_user_id?: string | undefined; destination_country?: string | undefined; travel_type?: TravelType | undefined; departure_date?: string | undefined; ... 13 more ...; completed_at?: string | undefined; }' is not assignable to parameter of type 'RejectExcessProperties<{ assigned_staff_id?: string | null | undefined; booking_reference?: string | null | undefined; booking_status?: string | null | undefined; cancelled_at?: string | null | undefined; ... 27 more ...; vertical?: string | ... 1 more ... | undefined; }, { ...; }>'.
src/modules/travel/services/travel-requests-service.ts(144,17): error TS2352: Conversion of type '{ assigned_staff_id: string | null; booking_reference: string | null; booking_status: string | null; cancelled_at: string | null; client_user_id: string | null; completed_at: string | null; ... 25 more ...; vertical: string | null; }' to type 'TravelRequest' may be a mistake because neither type sufficiently overlaps with the other. If this was intentional, convert the expression to 'unknown' first.
src/modules/visa/document-upload-service.ts(82,6): error TS2551: Property 'catch' does not exist on type 'PostgrestFilterBuilder<{ PostgrestVersion: "14.5"; }, { Tables: { booking_policies: { Row: { cancellation_fee_percent: number | null; cancellation_window_hours: number | null; created_at: string; id: string; ... 5 more ...; vertical: string; }; Insert: { ...; }; Update: { ...; }; Relationships: []; }; ... 26 more .....'. Did you mean 'match'?
src/modules/visa/document-upload-service.ts(90,5): error TS2304: Cannot find name 'crmAdapter'.
src/modules/visa/document-upload-service.ts(131,81): error TS2551: Property 'catch' does not exist on type 'PostgrestFilterBuilder<{ PostgrestVersion: "14.5"; }, { Tables: { booking_policies: { Row: { cancellation_fee_percent: number | null; cancellation_window_hours: number | null; created_at: string; id: string; ... 5 more ...; vertical: string; }; Insert: { ...; }; Update: { ...; }; Relationships: []; }; ... 26 more .....'. Did you mean 'match'?
